tolit@COET1328 MINGW64 ~
$ ssh f019ce4aab7a@f019ce4aab7a.bd8cd164.alx-cod.online
f019ce4aab7a@f019ce4aab7a.bd8cd164.alx-cod.online's password:
root@f019ce4aab7a:/# ls
0x02_vi                        bin           home    media  run   usr
0x03_vi                        boot          lib     mnt    sbin  var
alx-pre_course                 dev           lib32   opt    srv
alx-system_engineering-devops  etc           lib64   proc   sys
alx-zero_day                   }@github.com  libx32  root   tmp
root@f019ce4aab7a:/# cd alx-system_engineering-devops
root@f019ce4aab7a:/alx-system_engineering-devops# ls
0x00-shell_basics  0x01-shell_permissions  README.md
root@f019ce4aab7a:/alx-system_engineering-devops# mkdir
mkdir: missing operand
Try 'mkdir --help' for more information.
root@f019ce4aab7a:/alx-system_engineering-devops# mkdir
mkdir: missing operand
Try 'mkdir --help' for more information.
root@f019ce4aab7a:/alx-system_engineering-devops# ls
0x00-shell_basics  0x01-shell_permissions  README.md
root@f019ce4aab7a:/alx-system_engineering-devops# mkdir
mkdir: missing operand
Try 'mkdir --help' for more information.
root@f019ce4aab7a:/alx-system_engineering-devops# cd root
bash: cd: root: No such file or directory
root@f019ce4aab7a:/alx-system_engineering-devops# ls
0x00-shell_basics  0x01-shell_permissions  README.md
root@f019ce4aab7a:/alx-system_engineering-devops# mkdir
mkdir: missing operand
Try 'mkdir --help' for more information.
root@f019ce4aab7a:/alx-system_engineering-devops# cd 0x01-shell_permissions
root@f019ce4aab7a:/alx-system_engineering-devops/0x01-shell_permissions# ls
0-iam_betty                    12-directory_permissions  5-execute
100-change_owner_and_group     13-change_group           6-multiple_permissions
101-symbolic_link_permissions  1-who_am_i                7-everybody
102-if_only                    2-groups                  8-James_Bond
10-mirror_permissions          3-new_owner               9-John_Doe
11-directories_permissions     4-empty                   README.md
root@f019ce4aab7a:/alx-system_engineering-devops/0x01-shell_permissions# touch nnn
root@f019ce4aab7a:/alx-system_engineering-devops/0x01-shell_permissions# ls
0-iam_betty                    13-change_group         7-everybody
100-change_owner_and_group     1-who_am_i              8-James_Bond
101-symbolic_link_permissions  2-groups                9-John_Doe
102-if_only                    3-new_owner             nnn
10-mirror_permissions          4-empty                 README.md
11-directories_permissions     5-execute
12-directory_permissions       6-multiple_permissions
root@f019ce4aab7a:/alx-system_engineering-devops/0x01-shell_permissions# rm nnn
root@f019ce4aab7a:/alx-system_engineering-devops/0x01-shell_permissions# ls
0-iam_betty                    12-directory_permissions  5-execute
100-change_owner_and_group     13-change_group           6-multiple_permissions
101-symbolic_link_permissions  1-who_am_i                7-everybody
102-if_only                    2-groups                  8-James_Bond
10-mirror_permissions          3-new_owner               9-John_Doe
11-directories_permissions     4-empty                   README.md
root@f019ce4aab7a:/alx-system_engineering-devops/0x01-shell_permissions# cd ..
root@f019ce4aab7a:/alx-system_engineering-devops# ls
0x00-shell_basics  0x01-shell_permissions  README.md
root@f019ce4aab7a:/alx-system_engineering-devops# mkdir nnn
root@f019ce4aab7a:/alx-system_engineering-devops# ls
0x00-shell_basics  0x01-shell_permissions  nnn  README.md
root@f019ce4aab7a:/alx-system_engineering-devops# rm nnn
rm: cannot remove 'nnn': Is a directory
root@f019ce4aab7a:/alx-system_engineering-devops# ls
0x00-shell_basics  0x01-shell_permissions  nnn  README.md
root@f019ce4aab7a:/alx-system_engineering-devops# rmdir nnn
root@f019ce4aab7a:/alx-system_engineering-devops# ls
0x00-shell_basics  0x01-shell_permissions  README.md
root@f019ce4aab7a:/alx-system_engineering-devops# mkdir 0x02-shell_redirections
root@f019ce4aab7a:/alx-system_engineering-devops# ls
0x00-shell_basics  0x01-shell_permissions  0x02-shell_redirections  README.md
root@f019ce4aab7a:/alx-system_engineering-devops# cd 0x02-shell_redirections
root@f019ce4aab7a:/alx-system_engineering-devops/0x02-shell_redirections# ls
root@f019ce4aab7a:/alx-system_engineering-devops/0x02-shell_redirections# touch 0-hello_world
root@f019ce4aab7a:/alx-system_engineering-devops/0x02-shell_redirections# ls
0-hello_world
root@f019ce4aab7a:/alx-system_engineering-devops/0x02-shell_redirections# vi 0-hello_world
root@f019ce4aab7a:/alx-system_engineering-devops/0x02-shell_redirections# git add .
root@f019ce4aab7a:/alx-system_engineering-devops/0x02-shell_redirections# git comit -m 'Hello World'
git: 'comit' is not a git command. See 'git --help'.

The most similar command is
        commit
root@f019ce4aab7a:/alx-system_engineering-devops/0x02-shell_redirections# git commit -m 'Hello World'
[master 5b997a6] Hello World
 1 file changed, 2 insertions(+)
 create mode 100644 0x02-shell_redirections/0-hello_world
root@f019ce4aab7a:/alx-system_engineering-devops/0x02-shell_redirections# git push
Enumerating objects: 5, done.
Counting objects: 100% (5/5), done.
Delta compression using up to 2 threads
Compressing objects: 100% (2/2), done.
Writing objects: 100% (4/4), 446 bytes | 446.00 KiB/s, done.
Total 4 (delta 0), reused 0 (delta 0)
remote: This repository moved. Please use the new location:
remote:   https://github.com/FratoliT/alx-system_engineering-devops.git
To https://github.com/fratolit/alx-system_engineering-devops.git
   1135b72..5b997a6  master -> master
root@f019ce4aab7a:/alx-system_engineering-devops/0x02-shell_redirections# git status
On branch master
Your branch is up to date with 'origin/master'.

nothing to commit, working tree clean
root@f019ce4aab7a:/alx-system_engineering-devops/0x02-shell_redirections# ls
0-hello_world
root@f019ce4aab7a:/alx-system_engineering-devops/0x02-shell_redirections# chmod u+x 0-hello_world
root@f019ce4aab7a:/alx-system_engineering-devops/0x02-shell_redirections# ls
0-hello_world
root@f019ce4aab7a:/alx-system_engineering-devops/0x02-shell_redirections# git add .
root@f019ce4aab7a:/alx-system_engineering-devops/0x02-shell_redirections# git commit -m 'Hello World'
[master d1434d2] Hello World
 1 file changed, 0 insertions(+), 0 deletions(-)
 mode change 100644 => 100755 0x02-shell_redirections/0-hello_world
root@f019ce4aab7a:/alx-system_engineering-devops/0x02-shell_redirections# git push
Enumerating objects: 5, done.
Counting objects: 100% (5/5), done.
Delta compression using up to 2 threads
Compressing objects: 100% (2/2), done.
Writing objects: 100% (3/3), 300 bytes | 300.00 KiB/s, done.
Total 3 (delta 1), reused 0 (delta 0)
remote: Resolving deltas: 100% (1/1), completed with 1 local object.
remote: This repository moved. Please use the new location:
remote:   https://github.com/FratoliT/alx-system_engineering-devops.git
To https://github.com/fratolit/alx-system_engineering-devops.git
   5b997a6..d1434d2  master -> master
root@f019ce4aab7a:/alx-system_engineering-devops/0x02-shell_redirections# git status git
On branch master
Your branch is up to date with 'origin/master'.

nothing to commit, working tree clean
root@f019ce4aab7a:/alx-system_engineering-devops/0x02-shell_redirections# git status
On branch master
Your branch is up to date with 'origin/master'.

nothing to commit, working tree clean
root@f019ce4aab7a:/alx-system_engineering-devops/0x02-shell_redirections# ls
0-hello_world
root@f019ce4aab7a:/alx-system_engineering-devops/0x02-shell_redirections# vi 0-hello_world
root@f019ce4aab7a:/alx-system_engineering-devops/0x02-shell_redirections# git add .
root@f019ce4aab7a:/alx-system_engineering-devops/0x02-shell_redirections# git commit -m 'Hello World'
[master d3134e4] Hello World
 1 file changed, 1 insertion(+), 1 deletion(-)
root@f019ce4aab7a:/alx-system_engineering-devops/0x02-shell_redirections# git push
Enumerating objects: 7, done.
Counting objects: 100% (7/7), done.
Delta compression using up to 2 threads
Compressing objects: 100% (2/2), done.
Writing objects: 100% (4/4), 342 bytes | 342.00 KiB/s, done.
Total 4 (delta 1), reused 0 (delta 0)
remote: Resolving deltas: 100% (1/1), completed with 1 local object.
remote: This repository moved. Please use the new location:
remote:   https://github.com/FratoliT/alx-system_engineering-devops.git
To https://github.com/fratolit/alx-system_engineering-devops.git
   d1434d2..d3134e4  master -> master
root@f019ce4aab7a:/alx-system_engineering-devops/0x02-shell_redirections# vi 0-hello_world
root@f019ce4aab7a:/alx-system_engineering-devops/0x02-shell_redirections# git add .
root@f019ce4aab7a:/alx-system_engineering-devops/0x02-shell_redirections# git commit -m 'Hello World'
[master 5c4bfd3] Hello World
 1 file changed, 1 insertion(+), 1 deletion(-)
root@f019ce4aab7a:/alx-system_engineering-devops/0x02-shell_redirections# git push
Enumerating objects: 7, done.
Counting objects: 100% (7/7), done.
Delta compression using up to 2 threads
Compressing objects: 100% (2/2), done.
Writing objects: 100% (4/4), 341 bytes | 341.00 KiB/s, done.
Total 4 (delta 1), reused 0 (delta 0)
remote: Resolving deltas: 100% (1/1), completed with 1 local object.
remote: This repository moved. Please use the new location:
remote:   https://github.com/FratoliT/alx-system_engineering-devops.git
To https://github.com/fratolit/alx-system_engineering-devops.git
   d3134e4..5c4bfd3  master -> master
root@f019ce4aab7a:/alx-system_engineering-devops/0x02-shell_redirections# vi 0-hello_world
root@f019ce4aab7a:/alx-system_engineering-devops/0x02-shell_redirections# rm 0-hello_world
root@f019ce4aab7a:/alx-system_engineering-devops/0x02-shell_redirections# ls
root@f019ce4aab7a:/alx-system_engineering-devops/0x02-shell_redirections# git add .
root@f019ce4aab7a:/alx-system_engineering-devops/0x02-shell_redirections# git commit -m 'Hello World'
[master 5fc2b12] Hello World
 1 file changed, 2 deletions(-)
 delete mode 100755 0x02-shell_redirections/0-hello_world
root@f019ce4aab7a:/alx-system_engineering-devops/0x02-shell_redirections# git push
Enumerating objects: 3, done.
Counting objects: 100% (3/3), done.
Delta compression using up to 2 threads
Compressing objects: 100% (2/2), done.
Writing objects: 100% (2/2), 224 bytes | 224.00 KiB/s, done.
Total 2 (delta 1), reused 0 (delta 0)
remote: Resolving deltas: 100% (1/1), completed with 1 local object.
remote: This repository moved. Please use the new location:
remote:   https://github.com/FratoliT/alx-system_engineering-devops.git
To https://github.com/fratolit/alx-system_engineering-devops.git
   5c4bfd3..5fc2b12  master -> master
root@f019ce4aab7a:/alx-system_engineering-devops/0x02-shell_redirections# git status ls
On branch master
Your branch is up to date with 'origin/master'.

nothing to commit, working tree clean
root@f019ce4aab7a:/alx-system_engineering-devops/0x02-shell_redirections# cd .
root@f019ce4aab7a:/alx-system_engineering-devops/0x02-shell_redirections# ls
root@f019ce4aab7a:/alx-system_engineering-devops/0x02-shell_redirections# cd ..
root@f019ce4aab7a:/alx-system_engineering-devops# ls
0x00-shell_basics  0x01-shell_permissions  0x02-shell_redirections  README.md
root@f019ce4aab7a:/alx-system_engineering-devops# rmdir  0x02-shell_redirections
root@f019ce4aab7a:/alx-system_engineering-devops# ls
0x00-shell_basics  0x01-shell_permissions  README.md
root@f019ce4aab7a:/alx-system_engineering-devops# mkdir 0x02-shell_redirections
root@f019ce4aab7a:/alx-system_engineering-devops# ls
0x00-shell_basics  0x01-shell_permissions  0x02-shell_redirections  README.md
root@f019ce4aab7a:/alx-system_engineering-devops# cd 0x02-shell_redirections
root@f019ce4aab7a:/alx-system_engineering-devops/0x02-shell_redirections# ls
root@f019ce4aab7a:/alx-system_engineering-devops/0x02-shell_redirections# touch 0-hello_world
root@f019ce4aab7a:/alx-system_engineering-devops/0x02-shell_redirections# ls
0-hello_world
root@f019ce4aab7a:/alx-system_engineering-devops/0x02-shell_redirections# vi 0-hello_world
root@f019ce4aab7a:/alx-system_engineering-devops/0x02-shell_redirections# chmod 0-hello_world
chmod: missing operand after ‘0-hello_world’
Try 'chmod --help' for more information.
root@f019ce4aab7a:/alx-system_engineering-devops/0x02-shell_redirections# chmod u+x 0-hello_world
root@f019ce4aab7a:/alx-system_engineering-devops/0x02-shell_redirections# ls
0-hello_world
root@f019ce4aab7a:/alx-system_engineering-devops/0x02-shell_redirections# git add .
root@f019ce4aab7a:/alx-system_engineering-devops/0x02-shell_redirections# git commit -m 'Hello World'
[master 450ddc1] Hello World
 1 file changed, 2 insertions(+)
 create mode 100755 0x02-shell_redirections/0-hello_world
root@f019ce4aab7a:/alx-system_engineering-devops/0x02-shell_redirections# git push
Enumerating objects: 5, done.
Counting objects: 100% (5/5), done.
Delta compression using up to 2 threads
Compressing objects: 100% (2/2), done.
Writing objects: 100% (4/4), 445 bytes | 445.00 KiB/s, done.
Total 4 (delta 0), reused 0 (delta 0)
remote: This repository moved. Please use the new location:
remote:   https://github.com/FratoliT/alx-system_engineering-devops.git
To https://github.com/fratolit/alx-system_engineering-devops.git
   5fc2b12..450ddc1  master -> master
root@f019ce4aab7a:/alx-system_engineering-devops/0x02-shell_redirections# git status
On branch master
Your branch is up to date with 'origin/master'.

nothing to commit, working tree clean
root@f019ce4aab7a:/alx-system_engineering-devops/0x02-shell_redirections# ls
0-hello_world
root@f019ce4aab7a:/alx-system_engineering-devops/0x02-shell_redirections# echo "0x02. Shell, I/O Redirections and filters"> README.md
root@f019ce4aab7a:/alx-system_engineering-devops/0x02-shell_redirections# ls
0-hello_world  README.md
root@f019ce4aab7a:/alx-system_engineering-devops/0x02-shell_redirections# git add .
root@f019ce4aab7a:/alx-system_engineering-devops/0x02-shell_redirections# git commit -m 'Hello World'
[master 15972bc] Hello World
 1 file changed, 1 insertion(+)
 create mode 100644 0x02-shell_redirections/README.md
root@f019ce4aab7a:/alx-system_engineering-devops/0x02-shell_redirections# git push
Enumerating objects: 6, done.
Counting objects: 100% (6/6), done.
Delta compression using up to 2 threads
Compressing objects: 100% (3/3), done.
Writing objects: 100% (4/4), 388 bytes | 388.00 KiB/s, done.
Total 4 (delta 1), reused 0 (delta 0)
remote: Resolving deltas: 100% (1/1), completed with 1 local object.
remote: This repository moved. Please use the new location:
remote:   https://github.com/FratoliT/alx-system_engineering-devops.git
To https://github.com/fratolit/alx-system_engineering-devops.git
   450ddc1..15972bc  master -> master
root@f019ce4aab7a:/alx-system_engineering-devops/0x02-shell_redirections# git status
On branch master
Your branch is up to date with 'origin/master'.

nothing to commit, working tree clean
root@f019ce4aab7a:/alx-system_engineering-devops/0x02-shell_redirections# git status ls
On branch master
Your branch is up to date with 'origin/master'.

nothing to commit, working tree clean
root@f019ce4aab7a:/alx-system_engineering-devops/0x02-shell_redirections# ls
0-hello_world  README.md
root@f019ce4aab7a:/alx-system_engineering-devops/0x02-shell_redirections# touch 1-confused_smiley
root@f019ce4aab7a:/alx-system_engineering-devops/0x02-shell_redirections# ls
0-hello_world  1-confused_smiley  README.md
root@f019ce4aab7a:/alx-system_engineering-devops/0x02-shell_redirections# vi 1-confused_smiley
root@f019ce4aab7a:/alx-system_engineering-devops/0x02-shell_redirections# ls
0-hello_world  1-confused_smiley  README.md
root@f019ce4aab7a:/alx-system_engineering-devops/0x02-shell_redirections# chmod u+x  1-confused_smiley
root@f019ce4aab7a:/alx-system_engineering-devops/0x02-shell_redirections# ls
0-hello_world  1-confused_smiley  README.md
root@f019ce4aab7a:/alx-system_engineering-devops/0x02-shell_redirections# git add .
root@f019ce4aab7a:/alx-system_engineering-devops/0x02-shell_redirections# git commit -m "Confused smiley"
[master c59a2f1] Confused smiley
 1 file changed, 2 insertions(+)
 create mode 100755 0x02-shell_redirections/1-confused_smiley
root@f019ce4aab7a:/alx-system_engineering-devops/0x02-shell_redirections# git push
Enumerating objects: 6, done.
Counting objects: 100% (6/6), done.
Delta compression using up to 2 threads
Compressing objects: 100% (3/3), done.
Writing objects: 100% (4/4), 420 bytes | 420.00 KiB/s, done.
Total 4 (delta 1), reused 0 (delta 0)
remote: Resolving deltas: 100% (1/1), completed with 1 local object.
remote: This repository moved. Please use the new location:
remote:   https://github.com/FratoliT/alx-system_engineering-devops.git
To https://github.com/fratolit/alx-system_engineering-devops.git
   15972bc..c59a2f1  master -> master
root@f019ce4aab7a:/alx-system_engineering-devops/0x02-shell_redirections# git status
On branch master
Your branch is up to date with 'origin/master'.

nothing to commit, working tree clean
root@f019ce4aab7a:/alx-system_engineering-devops/0x02-shell_redirections# ls
0-hello_world  1-confused_smiley  README.md
root@f019ce4aab7a:/alx-system_engineering-devops/0x02-shell_redirections# touch 2-hellofile
root@f019ce4aab7a:/alx-system_engineering-devops/0x02-shell_redirections# ls
0-hello_world  1-confused_smiley  2-hellofile  README.md
root@f019ce4aab7a:/alx-system_engineering-devops/0x02-shell_redirections# vi 2-hellofile
root@f019ce4aab7a:/alx-system_engineering-devops/0x02-shell_redirections# ls
0-hello_world  1-confused_smiley  2-hellofile  README.md
root@f019ce4aab7a:/alx-system_engineering-devops/0x02-shell_redirections# chmod 2-hellofile
chmod: missing operand after ‘2-hellofile’
Try 'chmod --help' for more information.
root@f019ce4aab7a:/alx-system_engineering-devops/0x02-shell_redirections# chmod u+x 2-hellofile
root@f019ce4aab7a:/alx-system_engineering-devops/0x02-shell_redirections# ls
0-hello_world  1-confused_smiley  2-hellofile  README.md
root@f019ce4aab7a:/alx-system_engineering-devops/0x02-shell_redirections# git add .
root@f019ce4aab7a:/alx-system_engineering-devops/0x02-shell:wq


